-- Crear tabla de usuarios
CREATE TABLE `users` (
	`username` varchar(50) NOT NULL,
	`password` varchar(50) NOT NULL,
	`enabled` tinyint NOT NULL,
	PRIMARY KEY (`username`)
) ENGINE=InnoDB;

-- Crear tabla de roles
CREATE TABLE `authorities` (
	`username` varchar(50) NOT NULL,
	`authority` varchar(50) NOT NULL,
	UNIQUE KEY `authorities_idx_1` (`username`,`authority`),
	CONSTRAINT `authorities_ibfk_1`
	FOREIGN KEY (`username`)
	REFERENCES `users` (`username`)
) ENGINE=InnoDB;

-- Insertamos nuestros usuarios
INSERT INTO `users` VALUES ('luis','{noop}luis123',1);
INSERT INTO `users` VALUES ('marisol','{noop}mari123',1);

-- Insertamos (asignamos roles) a nuestros usuarios.
INSERT INTO `authorities` VALUES ('luis','SUPERVISOR');
INSERT INTO `authorities` VALUES ('marisol','ADMINISTRADOR');


===
-- Insertamos 2 usuarios
INSERT INTO `Usuarios` VALUES (7,'Luis Esparza Gomez','luis@itinajero.net','luis','{noop}luis123',1,'2019-06-10');11
INSERT INTO `Usuarios` VALUES (8,'Marisol Salinas Rodarte','marisol@itinajero.net','marisol','{noop}mari123',1,'2019-06-10');12
Select * from Usuarios;
-- Insertamos los roles para los usuarios
INSERT INTO webpagedb.usuario_perfil (idUsuario,idPerfil) VALUES (7, 1);11 -- PERFIL SUPERVISOR
INSERT INTO webpagedb.usuario_perfil (idUsuario,idPerfil)VALUES (8, 2); 12-- PERFIL ADMINISTRADOR

 select * from usuario_perfil;


 ====
 update perfiles set perfil = 'SUPERVISOR' where id = 1;

mysql> update perfiles set perfil = 'SUPERVISOR' where id = 1;
Query OK, 1 row affected (0.08 sec)
Rows matched: 1  Changed: 1  Warnings: 0

mysql> update perfiles set perfil = 'ADMINISTRADOR' where id = 2;
Query OK, 1 row affected (0.01 sec)
Rows matched: 1  Changed: 1  Warnings: 0

mysql> update perfiles set perfil = 'USUARIO' where id = 3;
Query OK, 0 rows affected (0.00 sec)
Rows matched: 0  Changed: 0  Warnings: 0

mysql> insert into perfiles (perfil) VALUES ('USUARIO');
Query OK, 1 row affected (0.01 sec)

--Get the respective role by id
SELECT u.nombre, b.idUsuario, p.perfil
FROM usuarios AS u
INNER JOIN usuario_perfil AS b
ON u.id = b.idUsuario
inner join perfiles as p
on b.idPerfil = p.id
WHERE u.id = 13;

==========================
mysql> UPDATE password SET value = '$2a$10$UFu2dPcgo10U8qR9H5wmZe/rw2MBx0s1BrbZdV/RKICMuA7fXA5ne' WHERE id = 11;
ERROR 1146 (42S02): Table 'webpageDB.password' doesn't exist
mysql> UPDATE usuarios SET password = '$2a$10$UFu2dPcgo10U8qR9H5wmZe/rw2MBx0s1BrbZdV/RKICMuA7fXA
5ne' WHERE id = 11;
Query OK, 1 row affected (0.01 sec)
Rows matched: 1  Changed: 1  Warnings: 0

mysql> UPDATE usuarios SET password = '$2a$10$E3/Dot53E3ClcV9xrEfTs.lbSrMVbRG6f6l1uEbTiRDSQtEFQ8jom' WHERE id = 12;
Query OK, 1 row affected (0.02 sec)
Rows matched: 1  Changed: 1  Warnings: 0

========================================
INSERT INTO `users` VALUES ('paul22','{noop}paul123',1);
INSERT INTO `authorities` VALUES ('paul22','USUARIO');
INSERT INTO `usuarios` VALUES (13,'Paul Alfredo Manriquez','paul@itinajero.net','paul','{noop}paul123',1,'2019-06-22');
INSERT INTO usuario_perfil (idUsuario,idPerfil) VALUES (13, 3);
UPDATE usuarios SET password = '$2a$10$g.jrH7CBtaEcTdxPC.1RzuND0W04fGqi2iPzpNJfUZO0JbjbSru3S' WHERE id = 13;

